
> philosophid-web@0.1.0 build
> next build

Γû▓ Next.js 16.1.4 (Turbopack)
- Environments: .env

  Creating an optimized production build ...
node.exe : 
At C:\Users\WIN-11\AppData\R
oaming\npm\npm.ps1:24 char:5
+     & "node$exe"  "$basedi
r/node_modules/npm/bin/npm-c
li.js" $args
+     ~~~~~~~~~~~~~~~~~~~~~~
~~~~~~~~~~~~~~~~~~~~~~~~~~~~
~~~~~~~~~~~~
    + CategoryInfo          
    : NotSpecified: (:Stri  
  ng) [], RemoteException
    + FullyQualifiedErrorId 
    : NativeCommandError
 
> Build error occurred
Error: Turbopack build 
failed with 4 errors:
./src/app/api/papers/route.t
s:3:1
Module not found: Can't 
resolve '@/lib/auth'
[0m [90m 1 |[39m 
[36mimport[39m { [33mNext
Request[39m[33m,[39m 
[33mNextResponse[39m } 
[36mfrom[39m [32m"next/se
rver"[39m[33m;[39m
 [90m 2 |[39m 
[36mimport[39m { prisma } 
[36mfrom[39m [32m"@/lib/p
risma"[39m[33m;[39m
[31m[1m>[22m[39m[90m 3 
|[39m [36mimport[39m { 
verifyUserInDatabase } 
[36mfrom[39m [32m"@/lib/a
uth"[39m[33m;[39m
 [90m   |[39m [31m[1m^[
22m[39m[31m[1m^[22m[39m
[31m[1m^[22m[39m[31m[1
m^[22m[39m[31m[1m^[22m
[39m[31m[1m^[22m[39m[31
m[1m^[22m[39m[31m[1m^[
22m[39m[31m[1m^[22m[39m
[31m[1m^[22m[39m[31m[1
m^[22m[39m[31m[1m^[22m
[39m[31m[1m^[22m[39m[31
m[1m^[22m[39m[31m[1m^[
22m[39m[31m[1m^[22m[39m
[31m[1m^[22m[39m[31m[1
m^[22m[39m[31m[1m^[22m
[39m[31m[1m^[22m[39m[31
m[1m^[22m[39m[31m[1m^[
22m[39m[31m[1m^[22m[39m
[31m[1m^[22m[39m[31m[1
m^[22m[39m[31m[1m^[22m
[39m[31m[1m^[22m[39m[31
m[1m^[22m[39m[31m[1m^[
22m[39m[31m[1m^[22m[39m
[31m[1m^[22m[39m[31m[1
m^[22m[39m[31m[1m^[22m
[39m[31m[1m^[22m[39m[31
m[1m^[22m[39m[31m[1m^[
22m[39m[31m[1m^[22m[39m
[31m[1m^[22m[39m[31m[1
m^[22m[39m[31m[1m^[22m
[39m[31m[1m^[22m[39m[31
m[1m^[22m[39m[31m[1m^[
22m[39m[31m[1m^[22m[39m
[31m[1m^[22m[39m[31m[1
m^[22m[39m[31m[1m^[22m
[39m[31m[1m^[22m[39m[31
m[1m^[22m[39m[31m[1m^[
22m[39m
 [90m 4 |[39m [90m// 
import { initAdmin } from 
'@/lib/firebase-admin'[39m
 [90m 5 |[39m
 [90m 6 |[39m 
[36mexport[39m 
[36masync[39m 
[36mfunction[39m [33mPOST
[39m(req[33m:[39m 
[33mNextRequest[39m) {[0m



https://nextjs.org/docs/mess
ages/module-not-found


./src/app/api/payment/notifi
cation/route.ts:3:1
Module not found: Can't 
resolve '@/lib/payment'
[0m [90m 1 |[39m 
[36mimport[39m { [33mNext
Request[39m[33m,[39m 
[33mNextResponse[39m } 
[36mfrom[39m 
[32m'next/server'[39m
 [90m 2 |[39m 
[36mimport[39m { prisma } 
[36mfrom[39m 
[32m'@/lib/prisma'[39m
[31m[1m>[22m[39m[90m 3 
|[39m [36mimport[39m { 
[33mPaymentService[39m } 
[36mfrom[39m 
[32m'@/lib/payment'[39m
 [90m   |[39m [31m[1m^[
22m[39m[31m[1m^[22m[39m
[31m[1m^[22m[39m[31m[1
m^[22m[39m[31m[1m^[22m
[39m[31m[1m^[22m[39m[31
m[1m^[22m[39m[31m[1m^[
22m[39m[31m[1m^[22m[39m
[31m[1m^[22m[39m[31m[1
m^[22m[39m[31m[1m^[22m
[39m[31m[1m^[22m[39m[31
m[1m^[22m[39m[31m[1m^[
22m[39m[31m[1m^[22m[39m
[31m[1m^[22m[39m[31m[1
m^[22m[39m[31m[1m^[22m
[39m[31m[1m^[22m[39m[31
m[1m^[22m[39m[31m[1m^[
22m[39m[31m[1m^[22m[39m
[31m[1m^[22m[39m[31m[1
m^[22m[39m[31m[1m^[22m
[39m[31m[1m^[22m[39m[31
m[1m^[22m[39m[31m[1m^[
22m[39m[31m[1m^[22m[39m
[31m[1m^[22m[39m[31m[1
m^[22m[39m[31m[1m^[22m
[39m[31m[1m^[22m[39m[31
m[1m^[22m[39m[31m[1m^[
22m[39m[31m[1m^[22m[39m
[31m[1m^[22m[39m[31m[1
m^[22m[39m[31m[1m^[22m
[39m[31m[1m^[22m[39m[31
m[1m^[22m[39m[31m[1m^[
22m[39m[31m[1m^[22m[39m
[31m[1m^[22m[39m[31m[1
m^[22m[39m
 [90m 4 |[39m 
[36mimport[39m { 
[33mTransactionStatus[39m 
} [36mfrom[39m 
[32m'@prisma/client'[39m
 [90m 5 |[39m
 [90m 6 |[39m 
[36mconst[39m 
paymentService [33m=[39m 
[36mnew[39m [33mPaymentSe
rvice[39m()[0m



https://nextjs.org/docs/mess
ages/module-not-found


./src/app/api/papers/route.t
s:2:1
Module not found: Can't 
resolve '@/lib/prisma'
[0m [90m 1 |[39m 
[36mimport[39m { [33mNext
Request[39m[33m,[39m 
[33mNextResponse[39m } 
[36mfrom[39m [32m"next/se
rver"[39m[33m;[39m
[31m[1m>[22m[39m[90m 2 
|[39m [36mimport[39m { 
prisma } [36mfrom[39m [32
m"@/lib/prisma"[39m[33m;[
39m
 [90m   |[39m [31m[1m^[
22m[39m[31m[1m^[22m[39m
[31m[1m^[22m[39m[31m[1
m^[22m[39m[31m[1m^[22m
[39m[31m[1m^[22m[39m[31
m[1m^[22m[39m[31m[1m^[
22m[39m[31m[1m^[22m[39m
[31m[1m^[22m[39m[31m[1
m^[22m[39m[31m[1m^[22m
[39m[31m[1m^[22m[39m[31
m[1m^[22m[39m[31m[1m^[
22m[39m[31m[1m^[22m[39m
[31m[1m^[22m[39m[31m[1
m^[22m[39m[31m[1m^[22m
[39m[31m[1m^[22m[39m[31
m[1m^[22m[39m[31m[1m^[
22m[39m[31m[1m^[22m[39m
[31m[1m^[22m[39m[31m[1
m^[22m[39m[31m[1m^[22m
[39m[31m[1m^[22m[39m[31
m[1m^[22m[39m[31m[1m^[
22m[39m[31m[1m^[22m[39m
[31m[1m^[22m[39m[31m[1
m^[22m[39m[31m[1m^[22m
[39m[31m[1m^[22m[39m[31
m[1m^[22m[39m[31m[1m^[
22m[39m[31m[1m^[22m[39m
[31m[1m^[22m[39m
 [90m 3 |[39m 
[36mimport[39m { 
verifyUserInDatabase } 
[36mfrom[39m [32m"@/lib/a
uth"[39m[33m;[39m
 [90m 4 |[39m [90m// 
import { initAdmin } from 
'@/lib/firebase-admin'[39m
 [90m 5 |[39m[0m



https://nextjs.org/docs/mess
ages/module-not-found


./src/app/api/payment/notifi
cation/route.ts:2:1
Module not found: Can't 
resolve '@/lib/prisma'
[0m [90m 1 |[39m 
[36mimport[39m { [33mNext
Request[39m[33m,[39m 
[33mNextResponse[39m } 
[36mfrom[39m 
[32m'next/server'[39m
[31m[1m>[22m[39m[90m 2 
|[39m [36mimport[39m { 
prisma } [36mfrom[39m 
[32m'@/lib/prisma'[39m
 [90m   |[39m [31m[1m^[
22m[39m[31m[1m^[22m[39m
[31m[1m^[22m[39m[31m[1
m^[22m[39m[31m[1m^[22m
[39m[31m[1m^[22m[39m[31
m[1m^[22m[39m[31m[1m^[
22m[39m[31m[1m^[22m[39m
[31m[1m^[22m[39m[31m[1
m^[22m[39m[31m[1m^[22m
[39m[31m[1m^[22m[39m[31
m[1m^[22m[39m[31m[1m^[
22m[39m[31m[1m^[22m[39m
[31m[1m^[22m[39m[31m[1
m^[22m[39m[31m[1m^[22m
[39m[31m[1m^[22m[39m[31
m[1m^[22m[39m[31m[1m^[
22m[39m[31m[1m^[22m[39m
[31m[1m^[22m[39m[31m[1
m^[22m[39m[31m[1m^[22m
[39m[31m[1m^[22m[39m[31
m[1m^[22m[39m[31m[1m^[
22m[39m[31m[1m^[22m[39m
[31m[1m^[22m[39m[31m[1
m^[22m[39m[31m[1m^[22m
[39m[31m[1m^[22m[39m[31
m[1m^[22m[39m[31m[1m^[
22m[39m[31m[1m^[22m[39m
 [90m 3 |[39m 
[36mimport[39m { 
[33mPaymentService[39m } 
[36mfrom[39m 
[32m'@/lib/payment'[39m
 [90m 4 |[39m 
[36mimport[39m { 
[33mTransactionStatus[39m 
} [36mfrom[39m 
[32m'@prisma/client'[39m
 [90m 5 |[39m[0m



https://nextjs.org/docs/mess
ages/module-not-found


    at <unknown> (./src/app/
api/papers/route.ts:3:1)
    at <unknown> (https://ne
xtjs.org/docs/messages/modul
e-not-found)
    at <unknown> (./src/app/
api/payment/notification/rou
te.ts:3:1)
    at <unknown> (https://ne
xtjs.org/docs/messages/modul
e-not-found)
    at <unknown> (./src/app/
api/papers/route.ts:2:1)
    at <unknown> (https://ne
xtjs.org/docs/messages/modul
e-not-found)
    at <unknown> (./src/app/
api/payment/notification/rou
te.ts:2:1)
    at <unknown> (https://ne
xtjs.org/docs/messages/modul
e-not-found)
